ubuntu@ubuntu:~$ mkdir company
ubuntu@ubuntu:~$ sudo adduser admin
info: Adding user `admin' ...
info: Selecting UID/GID from range 1000 to 59999 ...
info: Adding new group `admin' (1002) ...
info: Adding new user `admin' (1002) with group `admin (1002)' ...
info: Creating home directory `/home/admin' ...
info: Copying files from `/etc/skel' ...
New password: 
BAD PASSWORD: The password contains the user name in some form
Retype new password: 
passwd: password updated successfully
Changing the user information for admin
Enter the new value, or press ENTER for the default
	Full Name []: 
	Room Number []: 
	Work Phone []: 
	Home Phone []: 
	Other []: 
Is the information correct? [Y/n] 
info: Adding new user `admin' to supplemental / extra groups `users' ...
info: Adding user `admin' to group `users' ...
ubuntu@ubuntu:~$ su - admin
Password: 
To run a command as administrator (user "root"), use "sudo <command>".
See "man sudo_root" for details.

admin@ubuntu:~$ sudo addgroup staff123
[sudo] password for admin: 
info: Selecting GID from range 1000 to 59999 ...
info: Adding group `staff123' (GID 1003) ...
admin@ubuntu:~$ sudo adduser s1
info: Adding user `s1' ...
info: Selecting UID/GID from range 1000 to 59999 ...
info: Adding new group `s1' (1004) ...
info: Adding new user `s1' (1004) with group `s1 (1004)' ...
info: Creating home directory `/home/s1' ...
info: Copying files from `/etc/skel' ...
New password: 
BAD PASSWORD: The password is shorter than 8 characters
Retype new password: 
passwd: password updated successfully
Changing the user information for s1
Enter the new value, or press ENTER for the default
	Full Name []: 
	Room Number []: 
	Work Phone []: 
	Home Phone []: 
	Other []: 
Is the information correct? [Y/n] 
info: Adding new user `s1' to supplemental / extra groups `users' ...
info: Adding user `s1' to group `users' ...
admin@ubuntu:~$ sudo adduser s2
info: Adding user `s2' ...
info: Selecting UID/GID from range 1000 to 59999 ...
info: Adding new group `s2' (1005) ...
info: Adding new user `s2' (1005) with group `s2 (1005)' ...
info: Creating home directory `/home/s2' ...
info: Copying files from `/etc/skel' ...
New password: 
BAD PASSWORD: The password is shorter than 8 characters
Retype new password: 
passwd: password updated successfully
Changing the user information for s2
Enter the new value, or press ENTER for the default
	Full Name []: 
	Room Number []: 
	Work Phone []: 
	Home Phone []: 
	Other []: 
Is the information correct? [Y/n] 
info: Adding new user `s2' to supplemental / extra groups `users' ...
info: Adding user `s2' to group `users' ...
admin@ubuntu:~$ 
admin@ubuntu:~$ sudo adduser s3
info: Adding user `s3' ...
info: Selecting UID/GID from range 1000 to 59999 ...
info: Adding new group `s3' (1006) ...
info: Adding new user `s3' (1006) with group `s3 (1006)' ...
info: Creating home directory `/home/s3' ...
info: Copying files from `/etc/skel' ...
New password: 
BAD PASSWORD: The password is shorter than 8 characters
Retype new password: 
passwd: password updated successfully
Changing the user information for s3
Enter the new value, or press ENTER for the default
	Full Name []: 
	Room Number []: 
	Work Phone []: 
	Home Phone []: 
	Other []: 
Is the information correct? [Y/n] 
info: Adding new user `s3' to supplemental / extra groups `users' ...
info: Adding user `s3' to group `users' ...
admin@ubuntu:~$ sudo usermod -aG staff123 s1
admin@ubuntu:~$ sudo usermod -aG staff123 s2
admin@ubuntu:~$ sudo usermod -aG staff123 s3
admin@ubuntu:~$ sudo apt update
Ign:1 cdrom://Ubuntu 24.04.3 LTS _Noble Numbat_ - Release amd64 (20250805.1) noble InRelease
Hit:2 cdrom://Ubuntu 24.04.3 LTS _Noble Numbat_ - Release amd64 (20250805.1) noble Release
Hit:4 http://archive.ubuntu.com/ubuntu noble InRelease
Get:5 http://security.ubuntu.com/ubuntu noble-security InRelease [126 kB]
Get:6 http://archive.ubuntu.com/ubuntu noble-updates InRelease [126 kB]
Get:7 http://archive.ubuntu.com/ubuntu noble-backports InRelease [126 kB]
Get:8 http://archive.ubuntu.com/ubuntu noble-updates/main i386 Packages [535 kB]
Get:9 http://security.ubuntu.com/ubuntu noble-security/main i386 Packages [335 kB]
Get:10 http://archive.ubuntu.com/ubuntu noble-updates/main amd64 Packages [1,490 kB]
Get:11 http://archive.ubuntu.com/ubuntu noble-updates/main Translation-en [287 kB]
Get:12 http://archive.ubuntu.com/ubuntu noble-updates/main amd64 Components [175 kB]
Get:13 http://archive.ubuntu.com/ubuntu noble-updates/main Icons (48x48) [36.0 kB]
Get:14 http://archive.ubuntu.com/ubuntu noble-updates/main Icons (64x64) [51.0 kB]
Get:15 http://security.ubuntu.com/ubuntu noble-security/main amd64 Packages [1,213 kB]
Get:16 http://archive.ubuntu.com/ubuntu noble-updates/main amd64 c-n-f Metadata [15.3 kB]
Get:17 http://archive.ubuntu.com/ubuntu noble-updates/universe i386 Packages [983 kB]
Get:18 http://archive.ubuntu.com/ubuntu noble-updates/universe amd64 Packages [1,487 kB]
Get:19 http://archive.ubuntu.com/ubuntu noble-updates/universe Translation-en [300 kB]
Get:20 http://archive.ubuntu.com/ubuntu noble-updates/universe amd64 Components [378 kB]
Get:21 http://archive.ubuntu.com/ubuntu noble-updates/universe Icons (48x48) [232 kB]
Get:22 http://archive.ubuntu.com/ubuntu noble-updates/universe Icons (64x64) [363 kB]
Get:23 http://archive.ubuntu.com/ubuntu noble-updates/universe amd64 c-n-f Metadata [31.1 kB]
Get:24 http://archive.ubuntu.com/ubuntu noble-updates/restricted i386 Packages [22.8 kB]
Get:25 http://archive.ubuntu.com/ubuntu noble-updates/restricted amd64 Packages [2,068 kB]
Get:26 http://security.ubuntu.com/ubuntu noble-security/main Translation-en [202 kB]
Get:27 http://archive.ubuntu.com/ubuntu noble-updates/restricted Translation-en [467 kB]
Get:28 http://security.ubuntu.com/ubuntu noble-security/main amd64 Components [21.5 kB]
Get:29 http://security.ubuntu.com/ubuntu noble-security/main amd64 c-n-f Metadata [8,748 B]
Get:30 http://security.ubuntu.com/ubuntu noble-security/universe amd64 Packages [882 kB]
Get:31 http://archive.ubuntu.com/ubuntu noble-updates/restricted amd64 Components [212 B]
Get:32 http://archive.ubuntu.com/ubuntu noble-updates/restricted amd64 c-n-f Metadata [544 B]
Get:33 http://archive.ubuntu.com/ubuntu noble-updates/multiverse amd64 Packages [32.0 kB]
Get:34 http://archive.ubuntu.com/ubuntu noble-updates/multiverse i386 Packages [7,236 B]
Get:35 http://archive.ubuntu.com/ubuntu noble-updates/multiverse Translation-en [6,116 B]
Get:36 http://archive.ubuntu.com/ubuntu noble-updates/multiverse amd64 Components [940 B]
Get:37 http://archive.ubuntu.com/ubuntu noble-updates/multiverse amd64 c-n-f Metadata [488 B]
Get:38 http://archive.ubuntu.com/ubuntu noble-backports/main amd64 Packages [40.4 kB]
Get:39 http://archive.ubuntu.com/ubuntu noble-backports/main i386 Packages [33.0 kB]
Get:40 http://security.ubuntu.com/ubuntu noble-security/universe i386 Packages [546 kB]
Get:41 http://archive.ubuntu.com/ubuntu noble-backports/main Translation-en [9,208 B]
Get:42 http://archive.ubuntu.com/ubuntu noble-backports/main amd64 Components [7,156 B]
Get:43 http://archive.ubuntu.com/ubuntu noble-backports/main Icons (48x48) [9,530 B]
Get:44 http://archive.ubuntu.com/ubuntu noble-backports/main Icons (64x64) [11.2 kB]
Get:45 http://archive.ubuntu.com/ubuntu noble-backports/main amd64 c-n-f Metadata [368 B]
Get:46 http://archive.ubuntu.com/ubuntu noble-backports/universe amd64 Packages [28.9 kB]
Get:47 http://archive.ubuntu.com/ubuntu noble-backports/universe i386 Packages [15.8 kB]
Get:48 http://archive.ubuntu.com/ubuntu noble-backports/universe Translation-en [17.5 kB]
Get:49 http://archive.ubuntu.com/ubuntu noble-backports/universe amd64 Components [11.0 kB]
Get:50 http://archive.ubuntu.com/ubuntu noble-backports/universe Icons (48x48) [24.3 kB]
Get:51 http://security.ubuntu.com/ubuntu noble-security/universe Translation-en [196 kB]
Get:52 http://security.ubuntu.com/ubuntu noble-security/universe amd64 Components [52.3 kB]
Get:53 http://security.ubuntu.com/ubuntu noble-security/universe amd64 c-n-f Metadata [18.1 kB]
Get:54 http://security.ubuntu.com/ubuntu noble-security/restricted i386 Packages [20.5 kB]
Get:55 http://security.ubuntu.com/ubuntu noble-security/restricted amd64 Packages [1,967 kB]
Get:56 http://archive.ubuntu.com/ubuntu noble-backports/universe Icons (64x64) [33.4 kB]
Get:57 http://archive.ubuntu.com/ubuntu noble-backports/universe amd64 c-n-f Metadata [1,444 B]
Get:58 http://archive.ubuntu.com/ubuntu noble-backports/restricted amd64 Components [216 B]
Get:59 http://archive.ubuntu.com/ubuntu noble-backports/multiverse amd64 Components [212 B]
Get:60 http://security.ubuntu.com/ubuntu noble-security/restricted Translation-en [448 kB]
Get:61 http://security.ubuntu.com/ubuntu noble-security/restricted amd64 Components [212 B]
Get:62 http://security.ubuntu.com/ubuntu noble-security/restricted amd64 c-n-f Metadata [520 B]
Get:63 http://security.ubuntu.com/ubuntu noble-security/multiverse i386 Packages [6,072 B]
Get:64 http://security.ubuntu.com/ubuntu noble-security/multiverse amd64 Packages [28.0 kB]
Get:65 http://security.ubuntu.com/ubuntu noble-security/multiverse Translation-en [5,844 B]
Get:66 http://security.ubuntu.com/ubuntu noble-security/multiverse amd64 Components [212 B]
Get:67 http://security.ubuntu.com/ubuntu noble-security/multiverse amd64 c-n-f Metadata [384 B]
Fetched 15.5 MB in 9s (1,788 kB/s)                                             
Reading package lists... Done
Building dependency tree... Done
Reading state information... Done
140 packages can be upgraded. Run 'apt list --upgradable' to see them.
admin@ubuntu:~$ su - ubuntu
ubuntu@ubuntu:~$ sudo usermod -aG sudo admin
ubuntu@ubuntu:~$ su - admin
Password: 
admin@ubuntu:~$ sudo mkdir /backup
admin@ubuntu:~$ sudo chown :sudo/backup
chown: missing operand after ‘:sudo/backup’
Try 'chown --help' for more information.
admin@ubuntu:~$ sudo apt update
Ign:1 cdrom://Ubuntu 24.04.3 LTS _Noble Numbat_ - Release amd64 (20250805.1) noble InRelease
Hit:2 cdrom://Ubuntu 24.04.3 LTS _Noble Numbat_ - Release amd64 (20250805.1) noble Release
Hit:4 http://security.ubuntu.com/ubuntu noble-security InRelease               
Hit:5 http://archive.ubuntu.com/ubuntu noble InRelease                         
Hit:6 http://archive.ubuntu.com/ubuntu noble-updates InRelease
Hit:7 http://archive.ubuntu.com/ubuntu noble-backports InRelease
Reading package lists... Done
Building dependency tree... Done
Reading state information... Done
140 packages can be upgraded. Run 'apt list --upgradable' to see them.
admin@ubuntu:~$ sudo chown :sudo/backup
chown: missing operand after ‘:sudo/backup’
Try 'chown --help' for more information.
admin@ubuntu:~$ sudo chown :sudo /backup
admin@ubuntu:~$ sudo chmod 770 /backup
admin@ubuntu:~$ cd /backup
admin@ubuntu:/backup$ touch system_log.txt
admin@ubuntu:/backup$ ls
system_log.txt
admin@ubuntu:/backup$ df -h system_log.txt
Filesystem      Size  Used Avail Use% Mounted on
-               2.9G  330M  2.6G  12% /
admin@ubuntu:/backup$ free -m system_log.txt

Usage:
 free [options]

Options:
 -b, --bytes         show output in bytes
     --kilo          show output in kilobytes
     --mega          show output in megabytes
     --giga          show output in gigabytes
     --tera          show output in terabytes
     --peta          show output in petabytes
 -k, --kibi          show output in kibibytes
 -m, --mebi          show output in mebibytes
 -g, --gibi          show output in gibibytes
     --tebi          show output in tebibytes
     --pebi          show output in pebibytes
 -h, --human         show human-readable output
     --si            use powers of 1000 not 1024
 -l, --lohi          show detailed low and high memory statistics
 -L, --line          show output on a single line
 -t, --total         show total for RAM + swap
 -v, --committed     show committed memory and commit limit
 -s N, --seconds N   repeat printing every N seconds
 -c N, --count N     repeat printing N times, then exit
 -w, --wide          wide output

     --help     display this help and exit
 -V, --version  output version information and exit

